// Jest Snapshot v1, https://goo.gl/fbAQLP

exports[`User Component Should render as expected 1`] = `
<div>
  <h3>
    The User Page
  </h3>
  <hr />
  <p>
    Hello 
    aaaabbbccc
  </p>
  <button
    className="btn btn-primary"
    onClick={[Function]}
  >
    Go Home!
  </button>
  <div>
    <h3>
      TODO
    </h3>
    <TodoList
      items={Array []}
    />
    <form>
      <input
        className="form-control col-sm-3"
        onChange={[Function]}
        value=""
      />
      <br />
      <button
        className="btn btn-primary"
        onClick={[Function]}
        type="button"
      >
        Add #
        1
      </button>
    </form>
  </div>
</div>
`;
